Component: Arm Compiler for Embedded 6.21 Tool: armlink [5ec1fa00]

==============================================================================

Section Cross References

    main.o(.text.main_blinky1) refers to bsp.o(.text.BSP_ledGreenOn) for BSP_ledGreenOn
    main.o(.text.main_blinky1) refers to bsp.o(.text.BSP_ledGreenOff) for BSP_ledGreenOff
    main.o(.text.main_blinky1) refers to joertos.o(.text.OS_delay) for OS_delay
    main.o(.ARM.exidx.text.main_blinky1) refers to main.o(.text.main_blinky1) for [Anonymous Symbol]
    main.o(.text.main_blinky2) refers to bsp.o(.text.BSP_ledBlueOn) for BSP_ledBlueOn
    main.o(.text.main_blinky2) refers to bsp.o(.text.BSP_ledBlueOff) for BSP_ledBlueOff
    main.o(.text.main_blinky2) refers to joertos.o(.text.OS_delay) for OS_delay
    main.o(.ARM.exidx.text.main_blinky2) refers to main.o(.text.main_blinky2) for [Anonymous Symbol]
    main.o(.text.main_blinky3) refers to bsp.o(.text.BSP_ledRedOn) for BSP_ledRedOn
    main.o(.text.main_blinky3) refers to joertos.o(.text.OS_delay) for OS_delay
    main.o(.text.main_blinky3) refers to bsp.o(.text.BSP_ledRedOff) for BSP_ledRedOff
    main.o(.ARM.exidx.text.main_blinky3) refers to main.o(.text.main_blinky3) for [Anonymous Symbol]
    main.o(.text.main) refers to bsp.o(.text.BSP_init) for BSP_init
    main.o(.text.main) refers to main.o(.bss.stack_idleThread) for stack_idleThread
    main.o(.text.main) refers to joertos.o(.text.OS_init) for OS_init
    main.o(.text.main) refers to main.o(.bss.blinky1) for blinky1
    main.o(.text.main) refers to main.o(.text.main_blinky1) for main_blinky1
    main.o(.text.main) refers to main.o(.bss.stack_blinky1) for stack_blinky1
    main.o(.text.main) refers to joertos.o(.text.OSThread_start) for OSThread_start
    main.o(.text.main) refers to main.o(.bss.blinky2) for blinky2
    main.o(.text.main) refers to main.o(.text.main_blinky2) for main_blinky2
    main.o(.text.main) refers to main.o(.bss.stack_blinky2) for stack_blinky2
    main.o(.text.main) refers to joertos.o(.text.OS_run) for OS_run
    main.o(.ARM.exidx.text.main) refers to main.o(.text.main) for [Anonymous Symbol]
    bsp.o(.text.SysTick_Handler) refers to joertos.o(.text.OS_tick) for OS_tick
    bsp.o(.text.SysTick_Handler) refers to joertos.o(.text.OS_sched) for OS_sched
    bsp.o(.ARM.exidx.text.SysTick_Handler) refers to bsp.o(.text.SysTick_Handler) for [Anonymous Symbol]
    bsp.o(.ARM.exidx.text.BSP_init) refers to bsp.o(.text.BSP_init) for [Anonymous Symbol]
    bsp.o(.ARM.exidx.text.BSP_ledRedOn) refers to bsp.o(.text.BSP_ledRedOn) for [Anonymous Symbol]
    bsp.o(.ARM.exidx.text.BSP_ledRedOff) refers to bsp.o(.text.BSP_ledRedOff) for [Anonymous Symbol]
    bsp.o(.ARM.exidx.text.BSP_ledBlueOn) refers to bsp.o(.text.BSP_ledBlueOn) for [Anonymous Symbol]
    bsp.o(.ARM.exidx.text.BSP_ledBlueOff) refers to bsp.o(.text.BSP_ledBlueOff) for [Anonymous Symbol]
    bsp.o(.ARM.exidx.text.BSP_ledGreenOn) refers to bsp.o(.text.BSP_ledGreenOn) for [Anonymous Symbol]
    bsp.o(.ARM.exidx.text.BSP_ledGreenOff) refers to bsp.o(.text.BSP_ledGreenOff) for [Anonymous Symbol]
    bsp.o(.text.OS_onStartup) refers to system_tm4c123gh6pm.o(.text.SystemCoreClockUpdate) for SystemCoreClockUpdate
    bsp.o(.text.OS_onStartup) refers to system_tm4c123gh6pm.o(.data.SystemCoreClock) for SystemCoreClock
    bsp.o(.text.OS_onStartup) refers to bsp.o(.text.SysTick_Config) for SysTick_Config
    bsp.o(.text.OS_onStartup) refers to bsp.o(.text.__NVIC_SetPriority) for __NVIC_SetPriority
    bsp.o(.ARM.exidx.text.OS_onStartup) refers to bsp.o(.text.OS_onStartup) for [Anonymous Symbol]
    bsp.o(.text.SysTick_Config) refers to bsp.o(.text.__NVIC_SetPriority) for __NVIC_SetPriority
    bsp.o(.ARM.exidx.text.SysTick_Config) refers to bsp.o(.text.SysTick_Config) for [Anonymous Symbol]
    bsp.o(.ARM.exidx.text.__NVIC_SetPriority) refers to bsp.o(.text.__NVIC_SetPriority) for [Anonymous Symbol]
    bsp.o(.ARM.exidx.text.OS_onIdle) refers to bsp.o(.text.OS_onIdle) for [Anonymous Symbol]
    bsp.o(.ARM.exidx.text.Q_onAssert) refers to bsp.o(.text.Q_onAssert) for [Anonymous Symbol]
    bsp.o(.text.assert_failed) refers to bsp.o(.text.Q_onAssert) for Q_onAssert
    bsp.o(.ARM.exidx.text.assert_failed) refers to bsp.o(.text.assert_failed) for [Anonymous Symbol]
    startup_tm4c123gh6pm.o(STACK) refers (Special) to heapauxi.o(.text) for __use_two_region_memory
    startup_tm4c123gh6pm.o(HEAP) refers (Special) to heapauxi.o(.text) for __use_two_region_memory
    startup_tm4c123gh6pm.o(RESET) refers (Special) to heapauxi.o(.text) for __use_two_region_memory
    startup_tm4c123gh6pm.o(RESET) refers to startup_tm4c123gh6pm.o(STACK) for __initial_sp
    startup_tm4c123gh6pm.o(RESET) refers to startup_tm4c123gh6pm.o(.text) for Reset_Handler
    startup_tm4c123gh6pm.o(RESET) refers to joertos.o(.text.PendSV_Handler) for PendSV_Handler
    startup_tm4c123gh6pm.o(RESET) refers to bsp.o(.text.SysTick_Handler) for SysTick_Handler
    startup_tm4c123gh6pm.o(.text) refers (Special) to heapauxi.o(.text) for __use_two_region_memory
    startup_tm4c123gh6pm.o(.text) refers to startup_tm4c123gh6pm.o(RESET) for __relocated_vector_table
    startup_tm4c123gh6pm.o(.text) refers to system_tm4c123gh6pm.o(.text.SystemInit) for SystemInit
    startup_tm4c123gh6pm.o(.text) refers to __main.o(!!!main) for __main
    startup_tm4c123gh6pm.o(.text) refers to startup_tm4c123gh6pm.o(STACK) for __initial_sp
    startup_tm4c123gh6pm.o(.text) refers to bsp.o(.text.assert_failed) for assert_failed
    startup_tm4c123gh6pm.o(.text) refers to startup_tm4c123gh6pm.o(HEAP) for __heap_base
    system_tm4c123gh6pm.o(.text.SystemCoreClockUpdate) refers to system_tm4c123gh6pm.o(.text.getOscClk) for getOscClk
    system_tm4c123gh6pm.o(.text.SystemCoreClockUpdate) refers to system_tm4c123gh6pm.o(.data.SystemCoreClock) for SystemCoreClock
    system_tm4c123gh6pm.o(.ARM.exidx.text.SystemCoreClockUpdate) refers to system_tm4c123gh6pm.o(.text.SystemCoreClockUpdate) for [Anonymous Symbol]
    system_tm4c123gh6pm.o(.ARM.exidx.text.getOscClk) refers to system_tm4c123gh6pm.o(.text.getOscClk) for [Anonymous Symbol]
    system_tm4c123gh6pm.o(.ARM.exidx.text.SystemInit) refers to system_tm4c123gh6pm.o(.text.SystemInit) for [Anonymous Symbol]
    joertos.o(.text.main_idleThread) refers to bsp.o(.text.OS_onIdle) for OS_onIdle
    joertos.o(.ARM.exidx.text.main_idleThread) refers to joertos.o(.text.main_idleThread) for [Anonymous Symbol]
    joertos.o(.text.OS_init) refers to joertos.o(.bss.idleThread) for idleThread
    joertos.o(.text.OS_init) refers to joertos.o(.text.main_idleThread) for main_idleThread
    joertos.o(.text.OS_init) refers to joertos.o(.text.OSThread_start) for OSThread_start
    joertos.o(.ARM.exidx.text.OS_init) refers to joertos.o(.text.OS_init) for [Anonymous Symbol]
    joertos.o(.text.OSThread_start) refers to joertos.o(.bss.OS_thread) for OS_thread
    joertos.o(.text.OSThread_start) refers to joertos.o(.rodata.Q_this_module_) for Q_this_module_
    joertos.o(.text.OSThread_start) refers to bsp.o(.text.Q_onAssert) for Q_onAssert
    joertos.o(.text.OSThread_start) refers to joertos.o(.bss.OS_readySet) for OS_readySet
    joertos.o(.ARM.exidx.text.OSThread_start) refers to joertos.o(.text.OSThread_start) for [Anonymous Symbol]
    joertos.o(.text.OS_sched) refers to joertos.o(.bss.OS_readySet) for OS_readySet
    joertos.o(.text.OS_sched) refers to joertos.o(.bss.OS_thread) for OS_thread
    joertos.o(.text.OS_sched) refers to joertos.o(.rodata.Q_this_module_) for Q_this_module_
    joertos.o(.text.OS_sched) refers to bsp.o(.text.Q_onAssert) for Q_onAssert
    joertos.o(.text.OS_sched) refers to joertos.o(.bss.OS_curr) for OS_curr
    joertos.o(.text.OS_sched) refers to joertos.o(.bss.OS_next) for OS_next
    joertos.o(.ARM.exidx.text.OS_sched) refers to joertos.o(.text.OS_sched) for [Anonymous Symbol]
    joertos.o(.text.OS_run) refers to bsp.o(.text.OS_onStartup) for OS_onStartup
    joertos.o(.text.OS_run) refers to joertos.o(.text.OS_sched) for OS_sched
    joertos.o(.text.OS_run) refers to joertos.o(.rodata.Q_this_module_) for Q_this_module_
    joertos.o(.text.OS_run) refers to bsp.o(.text.Q_onAssert) for Q_onAssert
    joertos.o(.ARM.exidx.text.OS_run) refers to joertos.o(.text.OS_run) for [Anonymous Symbol]
    joertos.o(.text.OS_tick) refers to joertos.o(.bss.OS_delayedSet) for OS_delayedSet
    joertos.o(.text.OS_tick) refers to joertos.o(.bss.OS_thread) for OS_thread
    joertos.o(.text.OS_tick) refers to joertos.o(.rodata.Q_this_module_) for Q_this_module_
    joertos.o(.text.OS_tick) refers to bsp.o(.text.Q_onAssert) for Q_onAssert
    joertos.o(.text.OS_tick) refers to joertos.o(.bss.OS_readySet) for OS_readySet
    joertos.o(.ARM.exidx.text.OS_tick) refers to joertos.o(.text.OS_tick) for [Anonymous Symbol]
    joertos.o(.text.OS_delay) refers to joertos.o(.bss.OS_curr) for OS_curr
    joertos.o(.text.OS_delay) refers to joertos.o(.bss.OS_thread) for OS_thread
    joertos.o(.text.OS_delay) refers to joertos.o(.rodata.Q_this_module_) for Q_this_module_
    joertos.o(.text.OS_delay) refers to bsp.o(.text.Q_onAssert) for Q_onAssert
    joertos.o(.text.OS_delay) refers to joertos.o(.bss.OS_readySet) for OS_readySet
    joertos.o(.text.OS_delay) refers to joertos.o(.bss.OS_delayedSet) for OS_delayedSet
    joertos.o(.text.OS_delay) refers to joertos.o(.text.OS_sched) for OS_sched
    joertos.o(.ARM.exidx.text.OS_delay) refers to joertos.o(.text.OS_delay) for [Anonymous Symbol]
    joertos.o(.text.PendSV_Handler) refers to joertos.o(.bss.OS_curr) for OS_curr
    joertos.o(.text.PendSV_Handler) refers to joertos.o(.bss.OS_next) for OS_next
    joertos.o(.ARM.exidx.text.PendSV_Handler) refers to joertos.o(.text.PendSV_Handler) for [Anonymous Symbol]
    __main.o(!!!main) refers to __rtentry.o(.ARM.Collect$$rtentry$$00000000) for __rt_entry
    __rtentry.o(.ARM.Collect$$rtentry$$00000000) refers (Special) to __rtentry2.o(.ARM.Collect$$rtentry$$0000000A) for __rt_entry_li
    __rtentry.o(.ARM.Collect$$rtentry$$00000000) refers (Special) to __rtentry2.o(.ARM.Collect$$rtentry$$0000000D) for __rt_entry_main
    __rtentry.o(.ARM.Collect$$rtentry$$00000000) refers (Special) to __rtentry2.o(.ARM.Collect$$rtentry$$0000000C) for __rt_entry_postli_1
    __rtentry.o(.ARM.Collect$$rtentry$$00000000) refers (Special) to __rtentry2.o(.ARM.Collect$$rtentry$$00000009) for __rt_entry_postsh_1
    __rtentry.o(.ARM.Collect$$rtentry$$00000000) refers (Special) to __rtentry2.o(.ARM.Collect$$rtentry$$00000002) for __rt_entry_presh_1
    __rtentry.o(.ARM.Collect$$rtentry$$00000000) refers (Special) to __rtentry4.o(.ARM.Collect$$rtentry$$00000004) for __rt_entry_sh
    __rtentry2.o(.ARM.Collect$$rtentry$$00000008) refers to boardinit2.o(.text) for _platform_post_stackheap_init
    __rtentry2.o(.ARM.Collect$$rtentry$$0000000A) refers to libinit.o(.ARM.Collect$$libinit$$00000000) for __rt_lib_init
    __rtentry2.o(.ARM.Collect$$rtentry$$0000000B) refers to boardinit3.o(.text) for _platform_post_lib_init
    __rtentry2.o(.ARM.Collect$$rtentry$$0000000D) refers to main.o(.text.main) for main
    __rtentry2.o(.ARM.Collect$$rtentry$$0000000D) refers to exit.o(.text) for exit
    __rtentry2.o(.ARM.exidx) refers to __rtentry2.o(.ARM.Collect$$rtentry$$00000001) for .ARM.Collect$$rtentry$$00000001
    __rtentry2.o(.ARM.exidx) refers to __rtentry2.o(.ARM.Collect$$rtentry$$00000008) for .ARM.Collect$$rtentry$$00000008
    __rtentry2.o(.ARM.exidx) refers to __rtentry2.o(.ARM.Collect$$rtentry$$0000000A) for .ARM.Collect$$rtentry$$0000000A
    __rtentry2.o(.ARM.exidx) refers to __rtentry2.o(.ARM.Collect$$rtentry$$0000000B) for .ARM.Collect$$rtentry$$0000000B
    __rtentry2.o(.ARM.exidx) refers to __rtentry2.o(.ARM.Collect$$rtentry$$0000000D) for .ARM.Collect$$rtentry$$0000000D
    __rtentry4.o(.ARM.Collect$$rtentry$$00000004) refers to sys_stackheap_outer.o(.text) for __user_setup_stackheap
    __rtentry4.o(.ARM.exidx) refers to __rtentry4.o(.ARM.Collect$$rtentry$$00000004) for .ARM.Collect$$rtentry$$00000004
    sys_stackheap_outer.o(.text) refers to libspace.o(.text) for __user_perproc_libspace
    sys_stackheap_outer.o(.text) refers to startup_tm4c123gh6pm.o(.text) for __user_initial_stackheap
    exit.o(.text) refers to rtexit.o(.ARM.Collect$$rtexit$$00000000) for __rt_exit
    libinit.o(.ARM.Collect$$libinit$$00000000) refers (Special) to libinit2.o(.ARM.Collect$$libinit$$00000030) for __rt_lib_init_alloca_1
    libinit.o(.ARM.Collect$$libinit$$00000000) refers (Special) to libinit2.o(.ARM.Collect$$libinit$$0000002E) for __rt_lib_init_argv_1
    libinit.o(.ARM.Collect$$libinit$$00000000) refers (Special) to libinit2.o(.ARM.Collect$$libinit$$0000001D) for __rt_lib_init_atexit_1
    libinit.o(.ARM.Collect$$libinit$$00000000) refers (Special) to libinit2.o(.ARM.Collect$$libinit$$00000023) for __rt_lib_init_clock_1
    libinit.o(.ARM.Collect$$libinit$$00000000) refers (Special) to libinit2.o(.ARM.Collect$$libinit$$00000034) for __rt_lib_init_cpp_1
    libinit.o(.ARM.Collect$$libinit$$00000000) refers (Special) to libinit2.o(.ARM.Collect$$libinit$$00000032) for __rt_lib_init_exceptions_1
    libinit.o(.ARM.Collect$$libinit$$00000000) refers (Special) to libinit2.o(.ARM.Collect$$libinit$$00000001) for __rt_lib_init_fp_1
    libinit.o(.ARM.Collect$$libinit$$00000000) refers (Special) to libinit2.o(.ARM.Collect$$libinit$$00000021) for __rt_lib_init_fp_trap_1
    libinit.o(.ARM.Collect$$libinit$$00000000) refers (Special) to libinit2.o(.ARM.Collect$$libinit$$00000025) for __rt_lib_init_getenv_1
    libinit.o(.ARM.Collect$$libinit$$00000000) refers (Special) to libinit2.o(.ARM.Collect$$libinit$$0000000C) for __rt_lib_init_heap_1
    libinit.o(.ARM.Collect$$libinit$$00000000) refers (Special) to libinit2.o(.ARM.Collect$$libinit$$00000013) for __rt_lib_init_lc_collate_1
    libinit.o(.ARM.Collect$$libinit$$00000000) refers (Special) to libinit2.o(.ARM.Collect$$libinit$$00000015) for __rt_lib_init_lc_ctype_1
    libinit.o(.ARM.Collect$$libinit$$00000000) refers (Special) to libinit2.o(.ARM.Collect$$libinit$$00000017) for __rt_lib_init_lc_monetary_1
    libinit.o(.ARM.Collect$$libinit$$00000000) refers (Special) to libinit2.o(.ARM.Collect$$libinit$$00000019) for __rt_lib_init_lc_numeric_1
    libinit.o(.ARM.Collect$$libinit$$00000000) refers (Special) to libinit2.o(.ARM.Collect$$libinit$$0000001B) for __rt_lib_init_lc_time_1
    libinit.o(.ARM.Collect$$libinit$$00000000) refers (Special) to libinit2.o(.ARM.Collect$$libinit$$00000006) for __rt_lib_init_preinit_1
    libinit.o(.ARM.Collect$$libinit$$00000000) refers (Special) to libinit2.o(.ARM.Collect$$libinit$$00000010) for __rt_lib_init_rand_1
    libinit.o(.ARM.Collect$$libinit$$00000000) refers (Special) to libinit2.o(.ARM.Collect$$libinit$$00000004) for __rt_lib_init_relocate_pie_1
    libinit.o(.ARM.Collect$$libinit$$00000000) refers (Special) to libinit2.o(.ARM.Collect$$libinit$$00000035) for __rt_lib_init_return
    libinit.o(.ARM.Collect$$libinit$$00000000) refers (Special) to libinit2.o(.ARM.Collect$$libinit$$0000001F) for __rt_lib_init_signal_1
    libinit.o(.ARM.Collect$$libinit$$00000000) refers (Special) to libinit2.o(.ARM.Collect$$libinit$$00000027) for __rt_lib_init_stdio_1
    libinit.o(.ARM.Collect$$libinit$$00000000) refers (Special) to libinit2.o(.ARM.Collect$$libinit$$0000000E) for __rt_lib_init_user_alloc_1
    libspace.o(.text) refers to libspace.o(.bss) for __libspace_start
    rtexit.o(.ARM.Collect$$rtexit$$00000000) refers (Special) to rtexit2.o(.ARM.Collect$$rtexit$$00000004) for __rt_exit_exit
    rtexit.o(.ARM.Collect$$rtexit$$00000000) refers (Special) to rtexit2.o(.ARM.Collect$$rtexit$$00000003) for __rt_exit_ls
    rtexit.o(.ARM.Collect$$rtexit$$00000000) refers (Special) to rtexit2.o(.ARM.Collect$$rtexit$$00000002) for __rt_exit_prels_1
    rtexit.o(.ARM.exidx) refers (Special) to rtexit2.o(.ARM.Collect$$rtexit$$00000004) for __rt_exit_exit
    rtexit.o(.ARM.exidx) refers (Special) to rtexit2.o(.ARM.Collect$$rtexit$$00000003) for __rt_exit_ls
    rtexit.o(.ARM.exidx) refers (Special) to rtexit2.o(.ARM.Collect$$rtexit$$00000002) for __rt_exit_prels_1
    rtexit.o(.ARM.exidx) refers to rtexit.o(.ARM.Collect$$rtexit$$00000000) for .ARM.Collect$$rtexit$$00000000
    libinit2.o(.ARM.Collect$$libinit$$00000001) refers to fpinit.o(x$fpl$fpinit) for _fp_init
    libinit2.o(.ARM.Collect$$libinit$$00000012) refers to libinit2.o(.ARM.Collect$$libinit$$00000011) for .ARM.Collect$$libinit$$00000011
    libinit2.o(.ARM.Collect$$libinit$$00000014) refers to libinit2.o(.ARM.Collect$$libinit$$00000011) for .ARM.Collect$$libinit$$00000011
    libinit2.o(.ARM.Collect$$libinit$$00000016) refers to libinit2.o(.ARM.Collect$$libinit$$00000011) for .ARM.Collect$$libinit$$00000011
    libinit2.o(.ARM.Collect$$libinit$$00000018) refers to libinit2.o(.ARM.Collect$$libinit$$00000011) for .ARM.Collect$$libinit$$00000011
    libinit2.o(.ARM.Collect$$libinit$$0000001A) refers to libinit2.o(.ARM.Collect$$libinit$$00000011) for .ARM.Collect$$libinit$$00000011
    libinit2.o(.ARM.Collect$$libinit$$00000028) refers to argv_veneer.o(.emb_text) for __ARM_argv_veneer
    libinit2.o(.ARM.Collect$$libinit$$00000029) refers to argv_veneer.o(.emb_text) for __ARM_argv_veneer
    rtexit2.o(.ARM.Collect$$rtexit$$00000003) refers to libshutdown.o(.ARM.Collect$$libshutdown$$00000000) for __rt_lib_shutdown
    rtexit2.o(.ARM.Collect$$rtexit$$00000004) refers to sys_exit.o(.text) for _sys_exit
    rtexit2.o(.ARM.exidx) refers to rtexit2.o(.ARM.Collect$$rtexit$$00000001) for .ARM.Collect$$rtexit$$00000001
    rtexit2.o(.ARM.exidx) refers to rtexit2.o(.ARM.Collect$$rtexit$$00000003) for .ARM.Collect$$rtexit$$00000003
    rtexit2.o(.ARM.exidx) refers to rtexit2.o(.ARM.Collect$$rtexit$$00000004) for .ARM.Collect$$rtexit$$00000004
    argv_veneer.o(.emb_text) refers to no_argv.o(.text) for __ARM_get_argv
    sys_exit.o(.text) refers (Special) to use_no_semi.o(.text) for __I$use$semihosting
    sys_exit.o(.text) refers (Special) to indicate_semi.o(.text) for __semihosting_library_function
    sys_exit_hlt.o(.text) refers (Special) to use_no_semi.o(.text) for __I$use$semihosting
    sys_exit_hlt.o(.text) refers (Special) to indicate_semi.o(.text) for __semihosting_library_function
    _get_argv_nomalloc.o(.text) refers (Special) to hrguard.o(.text) for __heap_region$guard
    _get_argv_nomalloc.o(.text) refers to defsig_rtmem_outer.o(.text) for __rt_SIGRTMEM
    _get_argv_nomalloc.o(.text) refers to sys_command.o(.text) for _sys_command_string
    libshutdown.o(.ARM.Collect$$libshutdown$$00000000) refers (Special) to libshutdown2.o(.ARM.Collect$$libshutdown$$00000002) for __rt_lib_shutdown_cpp_1
    libshutdown.o(.ARM.Collect$$libshutdown$$00000000) refers (Special) to libshutdown2.o(.ARM.Collect$$libshutdown$$00000007) for __rt_lib_shutdown_fp_trap_1
    libshutdown.o(.ARM.Collect$$libshutdown$$00000000) refers (Special) to libshutdown2.o(.ARM.Collect$$libshutdown$$0000000F) for __rt_lib_shutdown_heap_1
    libshutdown.o(.ARM.Collect$$libshutdown$$00000000) refers (Special) to libshutdown2.o(.ARM.Collect$$libshutdown$$00000010) for __rt_lib_shutdown_return
    libshutdown.o(.ARM.Collect$$libshutdown$$00000000) refers (Special) to libshutdown2.o(.ARM.Collect$$libshutdown$$0000000A) for __rt_lib_shutdown_signal_1
    libshutdown.o(.ARM.Collect$$libshutdown$$00000000) refers (Special) to libshutdown2.o(.ARM.Collect$$libshutdown$$00000004) for __rt_lib_shutdown_stdio_1
    libshutdown.o(.ARM.Collect$$libshutdown$$00000000) refers (Special) to libshutdown2.o(.ARM.Collect$$libshutdown$$0000000C) for __rt_lib_shutdown_user_alloc_1
    sys_command.o(.text) refers (Special) to use_no_semi.o(.text) for __I$use$semihosting
    sys_command.o(.text) refers (Special) to indicate_semi.o(.text) for __semihosting_library_function
    sys_command_hlt.o(.text) refers (Special) to use_no_semi.o(.text) for __I$use$semihosting
    sys_command_hlt.o(.text) refers (Special) to indicate_semi.o(.text) for __semihosting_library_function
    defsig_rtmem_outer.o(.text) refers to defsig_rtmem_inner.o(.text) for __rt_SIGRTMEM_inner
    defsig_rtmem_outer.o(.text) refers to defsig_exit.o(.text) for __sig_exit
    defsig_rtmem_formal.o(.text) refers to rt_raise.o(.text) for __rt_raise
    rt_raise.o(.text) refers to __raise.o(.text) for __raise
    rt_raise.o(.text) refers to sys_exit.o(.text) for _sys_exit
    defsig_exit.o(.text) refers to sys_exit.o(.text) for _sys_exit
    defsig_rtmem_inner.o(.text) refers to defsig_general.o(.text) for __default_signal_display
    __raise.o(.text) refers to defsig.o(CL$$defsig) for __default_signal_handler
    defsig_general.o(.text) refers to sys_wrch.o(.text) for _ttywrch
    sys_wrch.o(.text) refers (Special) to use_no_semi.o(.text) for __I$use$semihosting
    sys_wrch.o(.text) refers (Special) to indicate_semi.o(.text) for __semihosting_library_function
    sys_wrch_hlt.o(.text) refers (Special) to use_no_semi.o(.text) for __I$use$semihosting
    sys_wrch_hlt.o(.text) refers (Special) to indicate_semi.o(.text) for __semihosting_library_function
    defsig.o(CL$$defsig) refers to defsig_rtmem_inner.o(.text) for __rt_SIGRTMEM_inner
    defsig_abrt_inner.o(.text) refers to defsig_general.o(.text) for __default_signal_display
    defsig_fpe_inner.o(.text) refers to defsig_general.o(.text) for __default_signal_display
    defsig_rtred_inner.o(.text) refers to defsig_general.o(.text) for __default_signal_display
    defsig_stak_inner.o(.text) refers to defsig_general.o(.text) for __default_signal_display
    defsig_pvfn_inner.o(.text) refers to defsig_general.o(.text) for __default_signal_display
    defsig_cppl_inner.o(.text) refers to defsig_general.o(.text) for __default_signal_display
    defsig_segv_inner.o(.text) refers to defsig_general.o(.text) for __default_signal_display
    defsig_other.o(.text) refers to defsig_general.o(.text) for __default_signal_display


==============================================================================

Removing Unused input sections from the image.

    Removing main.o(.text), (0 bytes).
    Removing main.o(.ARM.exidx.text.main_blinky1), (8 bytes).
    Removing main.o(.ARM.exidx.text.main_blinky2), (8 bytes).
    Removing main.o(.text.main_blinky3), (30 bytes).
    Removing main.o(.ARM.exidx.text.main_blinky3), (8 bytes).
    Removing main.o(.ARM.exidx.text.main), (8 bytes).
    Removing main.o(.bss.stack_blinky3), (160 bytes).
    Removing main.o(.bss.blinky3), (12 bytes).
    Removing main.o(.ARM.use_no_argv), (4 bytes).
    Removing bsp.o(.text), (0 bytes).
    Removing bsp.o(.ARM.exidx.text.SysTick_Handler), (8 bytes).
    Removing bsp.o(.ARM.exidx.text.BSP_init), (8 bytes).
    Removing bsp.o(.text.BSP_ledRedOn), (14 bytes).
    Removing bsp.o(.ARM.exidx.text.BSP_ledRedOn), (8 bytes).
    Removing bsp.o(.text.BSP_ledRedOff), (14 bytes).
    Removing bsp.o(.ARM.exidx.text.BSP_ledRedOff), (8 bytes).
    Removing bsp.o(.ARM.exidx.text.BSP_ledBlueOn), (8 bytes).
    Removing bsp.o(.ARM.exidx.text.BSP_ledBlueOff), (8 bytes).
    Removing bsp.o(.ARM.exidx.text.BSP_ledGreenOn), (8 bytes).
    Removing bsp.o(.ARM.exidx.text.BSP_ledGreenOff), (8 bytes).
    Removing bsp.o(.ARM.exidx.text.OS_onStartup), (8 bytes).
    Removing bsp.o(.ARM.exidx.text.SysTick_Config), (8 bytes).
    Removing bsp.o(.ARM.exidx.text.__NVIC_SetPriority), (8 bytes).
    Removing bsp.o(.ARM.exidx.text.OS_onIdle), (8 bytes).
    Removing bsp.o(.ARM.exidx.text.Q_onAssert), (8 bytes).
    Removing bsp.o(.ARM.exidx.text.assert_failed), (8 bytes).
    Removing system_tm4c123gh6pm.o(.text), (0 bytes).
    Removing system_tm4c123gh6pm.o(.ARM.exidx.text.SystemCoreClockUpdate), (8 bytes).
    Removing system_tm4c123gh6pm.o(.ARM.exidx.text.getOscClk), (8 bytes).
    Removing system_tm4c123gh6pm.o(.ARM.exidx.text.SystemInit), (8 bytes).
    Removing joertos.o(.text), (0 bytes).
    Removing joertos.o(.ARM.exidx.text.main_idleThread), (8 bytes).
    Removing joertos.o(.ARM.exidx.text.OS_init), (8 bytes).
    Removing joertos.o(.ARM.exidx.text.OSThread_start), (8 bytes).
    Removing joertos.o(.ARM.exidx.text.OS_sched), (8 bytes).
    Removing joertos.o(.ARM.exidx.text.OS_run), (8 bytes).
    Removing joertos.o(.ARM.exidx.text.OS_tick), (8 bytes).
    Removing joertos.o(.ARM.exidx.text.OS_delay), (8 bytes).
    Removing joertos.o(.ARM.exidx.text.PendSV_Handler), (8 bytes).

39 unused section(s) (total 466 bytes) removed from the image.

==============================================================================

Image Symbol Table

    Local Symbols

    Symbol Name                              Value     Ov Type        Size  Object(Section)

    ../clib/angel/boardlib.s                 0x00000000   Number         0  boardinit1.o ABSOLUTE
    ../clib/angel/boardlib.s                 0x00000000   Number         0  boardinit2.o ABSOLUTE
    ../clib/angel/boardlib.s                 0x00000000   Number         0  boardinit3.o ABSOLUTE
    ../clib/angel/boardlib.s                 0x00000000   Number         0  boardshut.o ABSOLUTE
    ../clib/angel/handlers.s                 0x00000000   Number         0  __scatter_copy.o ABSOLUTE
    ../clib/angel/handlers.s                 0x00000000   Number         0  __scatter_zi.o ABSOLUTE
    ../clib/angel/kernel.s                   0x00000000   Number         0  __rtentry.o ABSOLUTE
    ../clib/angel/kernel.s                   0x00000000   Number         0  __rtentry2.o ABSOLUTE
    ../clib/angel/kernel.s                   0x00000000   Number         0  __rtentry4.o ABSOLUTE
    ../clib/angel/kernel.s                   0x00000000   Number         0  rtexit.o ABSOLUTE
    ../clib/angel/kernel.s                   0x00000000   Number         0  rtexit2.o ABSOLUTE
    ../clib/angel/rt.s                       0x00000000   Number         0  rt_raise.o ABSOLUTE
    ../clib/angel/scatter.s                  0x00000000   Number         0  __scatter.o ABSOLUTE
    ../clib/angel/startup.s                  0x00000000   Number         0  __main.o ABSOLUTE
    ../clib/angel/sys.s                      0x00000000   Number         0  sys_stackheap_outer.o ABSOLUTE
    ../clib/angel/sys.s                      0x00000000   Number         0  libspace.o ABSOLUTE
    ../clib/angel/sys.s                      0x00000000   Number         0  use_no_semi.o ABSOLUTE
    ../clib/angel/sys.s                      0x00000000   Number         0  indicate_semi.o ABSOLUTE
    ../clib/angel/sysapp.c                   0x00000000   Number         0  sys_exit.o ABSOLUTE
    ../clib/angel/sysapp.c                   0x00000000   Number         0  sys_exit_hlt.o ABSOLUTE
    ../clib/angel/sysapp.c                   0x00000000   Number         0  sys_command.o ABSOLUTE
    ../clib/angel/sysapp.c                   0x00000000   Number         0  sys_command_hlt.o ABSOLUTE
    ../clib/angel/sysapp.c                   0x00000000   Number         0  sys_wrch.o ABSOLUTE
    ../clib/angel/sysapp.c                   0x00000000   Number         0  sys_wrch_hlt.o ABSOLUTE
    ../clib/armsys.c                         0x00000000   Number         0  argv_veneer.o ABSOLUTE
    ../clib/armsys.c                         0x00000000   Number         0  argv_veneer.o ABSOLUTE
    ../clib/armsys.c                         0x00000000   Number         0  _get_argv_nomalloc.o ABSOLUTE
    ../clib/armsys.c                         0x00000000   Number         0  no_argv.o ABSOLUTE
    ../clib/heapalloc.c                      0x00000000   Number         0  hrguard.o ABSOLUTE
    ../clib/heapaux.c                        0x00000000   Number         0  heapauxi.o ABSOLUTE
    ../clib/libinit.s                        0x00000000   Number         0  libinit.o ABSOLUTE
    ../clib/libinit.s                        0x00000000   Number         0  libinit2.o ABSOLUTE
    ../clib/libinit.s                        0x00000000   Number         0  libshutdown.o ABSOLUTE
    ../clib/libinit.s                        0x00000000   Number         0  libshutdown2.o ABSOLUTE
    ../clib/signal.c                         0x00000000   Number         0  defsig_rtmem_outer.o ABSOLUTE
    ../clib/signal.c                         0x00000000   Number         0  defsig_rtmem_formal.o ABSOLUTE
    ../clib/signal.c                         0x00000000   Number         0  defsig_exit.o ABSOLUTE
    ../clib/signal.c                         0x00000000   Number         0  defsig_rtmem_inner.o ABSOLUTE
    ../clib/signal.c                         0x00000000   Number         0  __raise.o ABSOLUTE
    ../clib/signal.c                         0x00000000   Number         0  defsig_general.o ABSOLUTE
    ../clib/signal.c                         0x00000000   Number         0  defsig_abrt_inner.o ABSOLUTE
    ../clib/signal.c                         0x00000000   Number         0  defsig_fpe_inner.o ABSOLUTE
    ../clib/signal.c                         0x00000000   Number         0  defsig_rtred_inner.o ABSOLUTE
    ../clib/signal.c                         0x00000000   Number         0  defsig_stak_inner.o ABSOLUTE
    ../clib/signal.c                         0x00000000   Number         0  defsig_pvfn_inner.o ABSOLUTE
    ../clib/signal.c                         0x00000000   Number         0  defsig_cppl_inner.o ABSOLUTE
    ../clib/signal.c                         0x00000000   Number         0  defsig_segv_inner.o ABSOLUTE
    ../clib/signal.c                         0x00000000   Number         0  defsig_other.o ABSOLUTE
    ../clib/signal.s                         0x00000000   Number         0  defsig.o ABSOLUTE
    ../clib/stdlib.c                         0x00000000   Number         0  exit.o ABSOLUTE
    ../ek-tm4c123gxl/arm/startup_TM4C123GH6PM.s 0x00000000   Number         0  startup_tm4c123gh6pm.o ABSOLUTE
    ../fplib/fpinit.s                        0x00000000   Number         0  fpinit.o ABSOLUTE
    bsp.c                                    0x00000000   Number         0  bsp.o ABSOLUTE
    dc.s                                     0x00000000   Number         0  dc.o ABSOLUTE
    joertos.c                                0x00000000   Number         0  joertos.o ABSOLUTE
    main.c                                   0x00000000   Number         0  main.o ABSOLUTE
    system_TM4C123GH6PM.c                    0x00000000   Number         0  system_tm4c123gh6pm.o ABSOLUTE
    RESET                                    0x00000000   Section      876  startup_tm4c123gh6pm.o(RESET)
    __relocated_vector_table                 0x00000100   Data           0  startup_tm4c123gh6pm.o(RESET)
    !!!main                                  0x0000036c   Section        8  __main.o(!!!main)
    !!!scatter                               0x00000374   Section       92  __scatter.o(!!!scatter)
    !!handler_copy                           0x000003d0   Section       26  __scatter_copy.o(!!handler_copy)
    !!handler_null                           0x000003ec   Section        2  __scatter.o(!!handler_null)
    !!handler_zi                             0x000003f0   Section       28  __scatter_zi.o(!!handler_zi)
    .ARM.Collect$$libinit$$00000000          0x0000040c   Section        2  libinit.o(.ARM.Collect$$libinit$$00000000)
    .ARM.Collect$$libinit$$00000001          0x0000040e   Section        4  libinit2.o(.ARM.Collect$$libinit$$00000001)
    .ARM.Collect$$libinit$$00000004          0x00000412   Section        0  libinit2.o(.ARM.Collect$$libinit$$00000004)
    .ARM.Collect$$libinit$$00000006          0x00000412   Section        0  libinit2.o(.ARM.Collect$$libinit$$00000006)
    .ARM.Collect$$libinit$$0000000C          0x00000412   Section        0  libinit2.o(.ARM.Collect$$libinit$$0000000C)
    .ARM.Collect$$libinit$$0000000E          0x00000412   Section        0  libinit2.o(.ARM.Collect$$libinit$$0000000E)
    .ARM.Collect$$libinit$$00000010          0x00000412   Section        0  libinit2.o(.ARM.Collect$$libinit$$00000010)
    .ARM.Collect$$libinit$$00000013          0x00000412   Section        0  libinit2.o(.ARM.Collect$$libinit$$00000013)
    .ARM.Collect$$libinit$$00000015          0x00000412   Section        0  libinit2.o(.ARM.Collect$$libinit$$00000015)
    .ARM.Collect$$libinit$$00000017          0x00000412   Section        0  libinit2.o(.ARM.Collect$$libinit$$00000017)
    .ARM.Collect$$libinit$$00000019          0x00000412   Section        0  libinit2.o(.ARM.Collect$$libinit$$00000019)
    .ARM.Collect$$libinit$$0000001B          0x00000412   Section        0  libinit2.o(.ARM.Collect$$libinit$$0000001B)
    .ARM.Collect$$libinit$$0000001D          0x00000412   Section        0  libinit2.o(.ARM.Collect$$libinit$$0000001D)
    .ARM.Collect$$libinit$$0000001F          0x00000412   Section        0  libinit2.o(.ARM.Collect$$libinit$$0000001F)
    .ARM.Collect$$libinit$$00000021          0x00000412   Section        0  libinit2.o(.ARM.Collect$$libinit$$00000021)
    .ARM.Collect$$libinit$$00000023          0x00000412   Section        0  libinit2.o(.ARM.Collect$$libinit$$00000023)
    .ARM.Collect$$libinit$$00000025          0x00000412   Section        0  libinit2.o(.ARM.Collect$$libinit$$00000025)
    .ARM.Collect$$libinit$$00000027          0x00000412   Section        0  libinit2.o(.ARM.Collect$$libinit$$00000027)
    .ARM.Collect$$libinit$$0000002E          0x00000412   Section        0  libinit2.o(.ARM.Collect$$libinit$$0000002E)
    .ARM.Collect$$libinit$$00000030          0x00000412   Section        0  libinit2.o(.ARM.Collect$$libinit$$00000030)
    .ARM.Collect$$libinit$$00000032          0x00000412   Section        0  libinit2.o(.ARM.Collect$$libinit$$00000032)
    .ARM.Collect$$libinit$$00000034          0x00000412   Section        0  libinit2.o(.ARM.Collect$$libinit$$00000034)
    .ARM.Collect$$libinit$$00000035          0x00000412   Section        2  libinit2.o(.ARM.Collect$$libinit$$00000035)
    .ARM.Collect$$libshutdown$$00000000      0x00000414   Section        2  libshutdown.o(.ARM.Collect$$libshutdown$$00000000)
    .ARM.Collect$$libshutdown$$00000002      0x00000416   Section        0  libshutdown2.o(.ARM.Collect$$libshutdown$$00000002)
    .ARM.Collect$$libshutdown$$00000004      0x00000416   Section        0  libshutdown2.o(.ARM.Collect$$libshutdown$$00000004)
    .ARM.Collect$$libshutdown$$00000007      0x00000416   Section        0  libshutdown2.o(.ARM.Collect$$libshutdown$$00000007)
    .ARM.Collect$$libshutdown$$0000000A      0x00000416   Section        0  libshutdown2.o(.ARM.Collect$$libshutdown$$0000000A)
    .ARM.Collect$$libshutdown$$0000000C      0x00000416   Section        0  libshutdown2.o(.ARM.Collect$$libshutdown$$0000000C)
    .ARM.Collect$$libshutdown$$0000000F      0x00000416   Section        0  libshutdown2.o(.ARM.Collect$$libshutdown$$0000000F)
    .ARM.Collect$$libshutdown$$00000010      0x00000416   Section        2  libshutdown2.o(.ARM.Collect$$libshutdown$$00000010)
    .ARM.Collect$$rtentry$$00000000          0x00000418   Section        0  __rtentry.o(.ARM.Collect$$rtentry$$00000000)
    .ARM.Collect$$rtentry$$00000002          0x00000418   Section        0  __rtentry2.o(.ARM.Collect$$rtentry$$00000002)
    .ARM.Collect$$rtentry$$00000004          0x00000418   Section        6  __rtentry4.o(.ARM.Collect$$rtentry$$00000004)
    .ARM.Collect$$rtentry$$00000009          0x0000041e   Section        0  __rtentry2.o(.ARM.Collect$$rtentry$$00000009)
    .ARM.Collect$$rtentry$$0000000A          0x0000041e   Section        4  __rtentry2.o(.ARM.Collect$$rtentry$$0000000A)
    .ARM.Collect$$rtentry$$0000000C          0x00000422   Section        0  __rtentry2.o(.ARM.Collect$$rtentry$$0000000C)
    .ARM.Collect$$rtentry$$0000000D          0x00000422   Section        8  __rtentry2.o(.ARM.Collect$$rtentry$$0000000D)
    .ARM.Collect$$rtexit$$00000000           0x0000042a   Section        2  rtexit.o(.ARM.Collect$$rtexit$$00000000)
    .ARM.Collect$$rtexit$$00000002           0x0000042c   Section        0  rtexit2.o(.ARM.Collect$$rtexit$$00000002)
    .ARM.Collect$$rtexit$$00000003           0x0000042c   Section        4  rtexit2.o(.ARM.Collect$$rtexit$$00000003)
    .ARM.Collect$$rtexit$$00000004           0x00000430   Section        6  rtexit2.o(.ARM.Collect$$rtexit$$00000004)
    $v0                                      0x00000438   Number         0  startup_tm4c123gh6pm.o(.text)
    .text                                    0x00000438   Section      356  startup_tm4c123gh6pm.o(.text)
    str_EXIT                                 0x00000454   Data           0  startup_tm4c123gh6pm.o(.text)
    str_NMI                                  0x00000466   Data           0  startup_tm4c123gh6pm.o(.text)
    str_HardFault                            0x0000047a   Data           0  startup_tm4c123gh6pm.o(.text)
    str_MemManage                            0x00000492   Data           0  startup_tm4c123gh6pm.o(.text)
    str_BusFault                             0x000004aa   Data           0  startup_tm4c123gh6pm.o(.text)
    str_UsageFault                           0x000004c2   Data           0  startup_tm4c123gh6pm.o(.text)
    str_SVC                                  0x000004da   Data           0  startup_tm4c123gh6pm.o(.text)
    str_DebugMon                             0x000004ee   Data           0  startup_tm4c123gh6pm.o(.text)
    str_PendSV                               0x00000506   Data           0  startup_tm4c123gh6pm.o(.text)
    str_SysTick                              0x0000051a   Data           0  startup_tm4c123gh6pm.o(.text)
    Default_Handler                          0x00000525   Thumb Code    24  startup_tm4c123gh6pm.o(.text)
    str_Undefined                            0x00000532   Data           0  startup_tm4c123gh6pm.o(.text)
    .text                                    0x0000059c   Section        0  heapauxi.o(.text)
    .text                                    0x000005a2   Section       74  sys_stackheap_outer.o(.text)
    .text                                    0x000005ec   Section        0  exit.o(.text)
    .text                                    0x00000600   Section        8  libspace.o(.text)
    .text                                    0x00000608   Section        0  sys_exit.o(.text)
    .text                                    0x00000614   Section        2  use_no_semi.o(.text)
    .text                                    0x00000616   Section        0  indicate_semi.o(.text)
    [Anonymous Symbol]                       0x00000618   Section        0  bsp.o(.text.BSP_init)
    [Anonymous Symbol]                       0x0000065c   Section        0  bsp.o(.text.BSP_ledBlueOff)
    [Anonymous Symbol]                       0x0000066c   Section        0  bsp.o(.text.BSP_ledBlueOn)
    [Anonymous Symbol]                       0x0000067c   Section        0  bsp.o(.text.BSP_ledGreenOff)
    [Anonymous Symbol]                       0x0000068c   Section        0  bsp.o(.text.BSP_ledGreenOn)
    [Anonymous Symbol]                       0x0000069c   Section        0  joertos.o(.text.OSThread_start)
    [Anonymous Symbol]                       0x00000828   Section        0  joertos.o(.text.OS_delay)
    [Anonymous Symbol]                       0x000008a0   Section        0  joertos.o(.text.OS_init)
    [Anonymous Symbol]                       0x000008dc   Section        0  bsp.o(.text.OS_onIdle)
    [Anonymous Symbol]                       0x000008f0   Section        0  bsp.o(.text.OS_onStartup)
    [Anonymous Symbol]                       0x00000920   Section        0  joertos.o(.text.OS_run)
    [Anonymous Symbol]                       0x0000093c   Section        0  joertos.o(.text.OS_sched)
    [Anonymous Symbol]                       0x000009c8   Section        0  joertos.o(.text.OS_tick)
    [Anonymous Symbol]                       0x00000a64   Section        0  joertos.o(.text.PendSV_Handler)
    PendSV_restore                           0x00000a78   Number         0  joertos.o(.text.PendSV_Handler)
    [Anonymous Symbol]                       0x00000a98   Section        0  bsp.o(.text.Q_onAssert)
    SysTick_Config                           0x00000ab1   Thumb Code    84  bsp.o(.text.SysTick_Config)
    [Anonymous Symbol]                       0x00000ab0   Section        0  bsp.o(.text.SysTick_Config)
    [Anonymous Symbol]                       0x00000b04   Section        0  bsp.o(.text.SysTick_Handler)
    [Anonymous Symbol]                       0x00000b2c   Section        0  system_tm4c123gh6pm.o(.text.SystemCoreClockUpdate)
    [Anonymous Symbol]                       0x00000c74   Section        0  system_tm4c123gh6pm.o(.text.SystemInit)
    __NVIC_SetPriority                       0x00000d81   Thumb Code    66  bsp.o(.text.__NVIC_SetPriority)
    [Anonymous Symbol]                       0x00000d80   Section        0  bsp.o(.text.__NVIC_SetPriority)
    [Anonymous Symbol]                       0x00000dc4   Section        0  bsp.o(.text.assert_failed)
    getOscClk                                0x00000dd5   Thumb Code   360  system_tm4c123gh6pm.o(.text.getOscClk)
    [Anonymous Symbol]                       0x00000dd4   Section        0  system_tm4c123gh6pm.o(.text.getOscClk)
    [Anonymous Symbol]                       0x00000f3c   Section        0  main.o(.text.main)
    [Anonymous Symbol]                       0x00000fa8   Section        0  main.o(.text.main_blinky1)
    [Anonymous Symbol]                       0x00000fd8   Section        0  main.o(.text.main_blinky2)
    [Anonymous Symbol]                       0x00001008   Section        0  joertos.o(.text.main_idleThread)
    $v0                                      0x00001012   Number         0  fpinit.o(x$fpl$fpinit)
    x$fpl$fpinit                             0x00001012   Section       26  fpinit.o(x$fpl$fpinit)
    Q_this_module_                           0x0000102c   Data          10  joertos.o(.rodata.Q_this_module_)
    [Anonymous Symbol]                       0x0000102c   Section        0  joertos.o(.rodata.Q_this_module_)
    .bss                                     0x20000008   Section       96  libspace.o(.bss)
    __heap_base                              0x20000300   Data           0  startup_tm4c123gh6pm.o(HEAP)
    HEAP                                     0x20000300   Section       16  startup_tm4c123gh6pm.o(HEAP)
    __heap_limit                             0x20000310   Data           0  startup_tm4c123gh6pm.o(HEAP)
    __stack_base                             0x20000310   Data           0  startup_tm4c123gh6pm.o(STACK)
    STACK                                    0x20000310   Section     2048  startup_tm4c123gh6pm.o(STACK)
    __initial_sp                             0x20000b10   Data           0  startup_tm4c123gh6pm.o(STACK)
    __stack_limit                            0x20000b10   Data           0  startup_tm4c123gh6pm.o(STACK)

    Global Symbols

    Symbol Name                              Value     Ov Type        Size  Object(Section)

    BuildAttributes$$THM_ISAv4$E$P$D$K$B$S$7EM$VFPi3$EXTD16$VFPS$VFMA$PE$A:L22UL41UL21$X:L11$S22US41US21$IEEE1$IW$~IW$USESV6$~STKCKD$USESV7$~SHL$OSPACE$ROPI$EBA8$UX$STANDARDLIB$REQ8$PRES8$EABIv2 0x00000000   Number         0  anon$$obj.o ABSOLUTE
    __Vectors                                0x00000000   Data           0  startup_tm4c123gh6pm.o(RESET)
    __ARM_exceptions_init                     - Undefined Weak Reference
    __alloca_initialize                       - Undefined Weak Reference
    __arm_preinit_                            - Undefined Weak Reference
    __arm_relocate_pie_                       - Undefined Weak Reference
    __cpp_initialize__aeabi_                  - Undefined Weak Reference
    __cxa_finalize                            - Undefined Weak Reference
    __rt_locale                               - Undefined Weak Reference
    __sigvec_lookup                           - Undefined Weak Reference
    _atexit_init                              - Undefined Weak Reference
    _call_atexit_fns                          - Undefined Weak Reference
    _clock_init                               - Undefined Weak Reference
    _fp_trap_init                             - Undefined Weak Reference
    _fp_trap_shutdown                         - Undefined Weak Reference
    _get_lc_collate                           - Undefined Weak Reference
    _get_lc_ctype                             - Undefined Weak Reference
    _get_lc_monetary                          - Undefined Weak Reference
    _get_lc_numeric                           - Undefined Weak Reference
    _get_lc_time                              - Undefined Weak Reference
    _getenv_init                              - Undefined Weak Reference
    _handle_redirection                       - Undefined Weak Reference
    _init_alloc                               - Undefined Weak Reference
    _init_user_alloc                          - Undefined Weak Reference
    _initio                                   - Undefined Weak Reference
    _rand_init                                - Undefined Weak Reference
    _signal_finish                            - Undefined Weak Reference
    _signal_init                              - Undefined Weak Reference
    _terminate_alloc                          - Undefined Weak Reference
    _terminate_user_alloc                     - Undefined Weak Reference
    _terminateio                              - Undefined Weak Reference
    __Vectors_End                            0x0000036c   Data           0  startup_tm4c123gh6pm.o(RESET)
    __Vectors_Size                           0x0000036c   Number         0  startup_tm4c123gh6pm.o ABSOLUTE
    __main                                   0x0000036d   Thumb Code     8  __main.o(!!!main)
    __scatterload                            0x00000375   Thumb Code     0  __scatter.o(!!!scatter)
    __scatterload_rt2                        0x00000375   Thumb Code    84  __scatter.o(!!!scatter)
    __scatterload_rt2_thumb_only             0x00000375   Thumb Code     0  __scatter.o(!!!scatter)
    __scatterload_loop                       0x0000037f   Thumb Code     0  __scatter.o(!!!scatter)
    __scatterload_copy                       0x000003d1   Thumb Code    26  __scatter_copy.o(!!handler_copy)
    __scatterload_null                       0x000003ed   Thumb Code     2  __scatter.o(!!handler_null)
    __scatterload_zeroinit                   0x000003f1   Thumb Code    28  __scatter_zi.o(!!handler_zi)
    __rt_lib_init                            0x0000040d   Thumb Code     0  libinit.o(.ARM.Collect$$libinit$$00000000)
    __rt_lib_init_fp_1                       0x0000040f   Thumb Code     0  libinit2.o(.ARM.Collect$$libinit$$00000001)
    __rt_lib_init_alloca_1                   0x00000413   Thumb Code     0  libinit2.o(.ARM.Collect$$libinit$$00000030)
    __rt_lib_init_argv_1                     0x00000413   Thumb Code     0  libinit2.o(.ARM.Collect$$libinit$$0000002E)
    __rt_lib_init_atexit_1                   0x00000413   Thumb Code     0  libinit2.o(.ARM.Collect$$libinit$$0000001D)
    __rt_lib_init_clock_1                    0x00000413   Thumb Code     0  libinit2.o(.ARM.Collect$$libinit$$00000023)
    __rt_lib_init_cpp_1                      0x00000413   Thumb Code     0  libinit2.o(.ARM.Collect$$libinit$$00000034)
    __rt_lib_init_exceptions_1               0x00000413   Thumb Code     0  libinit2.o(.ARM.Collect$$libinit$$00000032)
    __rt_lib_init_fp_trap_1                  0x00000413   Thumb Code     0  libinit2.o(.ARM.Collect$$libinit$$00000021)
    __rt_lib_init_getenv_1                   0x00000413   Thumb Code     0  libinit2.o(.ARM.Collect$$libinit$$00000025)
    __rt_lib_init_heap_1                     0x00000413   Thumb Code     0  libinit2.o(.ARM.Collect$$libinit$$0000000C)
    __rt_lib_init_lc_collate_1               0x00000413   Thumb Code     0  libinit2.o(.ARM.Collect$$libinit$$00000013)
    __rt_lib_init_lc_ctype_1                 0x00000413   Thumb Code     0  libinit2.o(.ARM.Collect$$libinit$$00000015)
    __rt_lib_init_lc_monetary_1              0x00000413   Thumb Code     0  libinit2.o(.ARM.Collect$$libinit$$00000017)
    __rt_lib_init_lc_numeric_1               0x00000413   Thumb Code     0  libinit2.o(.ARM.Collect$$libinit$$00000019)
    __rt_lib_init_lc_time_1                  0x00000413   Thumb Code     0  libinit2.o(.ARM.Collect$$libinit$$0000001B)
    __rt_lib_init_preinit_1                  0x00000413   Thumb Code     0  libinit2.o(.ARM.Collect$$libinit$$00000006)
    __rt_lib_init_rand_1                     0x00000413   Thumb Code     0  libinit2.o(.ARM.Collect$$libinit$$00000010)
    __rt_lib_init_relocate_pie_1             0x00000413   Thumb Code     0  libinit2.o(.ARM.Collect$$libinit$$00000004)
    __rt_lib_init_return                     0x00000413   Thumb Code     0  libinit2.o(.ARM.Collect$$libinit$$00000035)
    __rt_lib_init_signal_1                   0x00000413   Thumb Code     0  libinit2.o(.ARM.Collect$$libinit$$0000001F)
    __rt_lib_init_stdio_1                    0x00000413   Thumb Code     0  libinit2.o(.ARM.Collect$$libinit$$00000027)
    __rt_lib_init_user_alloc_1               0x00000413   Thumb Code     0  libinit2.o(.ARM.Collect$$libinit$$0000000E)
    __rt_lib_shutdown                        0x00000415   Thumb Code     0  libshutdown.o(.ARM.Collect$$libshutdown$$00000000)
    __rt_lib_shutdown_cpp_1                  0x00000417   Thumb Code     0  libshutdown2.o(.ARM.Collect$$libshutdown$$00000002)
    __rt_lib_shutdown_fp_trap_1              0x00000417   Thumb Code     0  libshutdown2.o(.ARM.Collect$$libshutdown$$00000007)
    __rt_lib_shutdown_heap_1                 0x00000417   Thumb Code     0  libshutdown2.o(.ARM.Collect$$libshutdown$$0000000F)
    __rt_lib_shutdown_return                 0x00000417   Thumb Code     0  libshutdown2.o(.ARM.Collect$$libshutdown$$00000010)
    __rt_lib_shutdown_signal_1               0x00000417   Thumb Code     0  libshutdown2.o(.ARM.Collect$$libshutdown$$0000000A)
    __rt_lib_shutdown_stdio_1                0x00000417   Thumb Code     0  libshutdown2.o(.ARM.Collect$$libshutdown$$00000004)
    __rt_lib_shutdown_user_alloc_1           0x00000417   Thumb Code     0  libshutdown2.o(.ARM.Collect$$libshutdown$$0000000C)
    __rt_entry                               0x00000419   Thumb Code     0  __rtentry.o(.ARM.Collect$$rtentry$$00000000)
    __rt_entry_presh_1                       0x00000419   Thumb Code     0  __rtentry2.o(.ARM.Collect$$rtentry$$00000002)
    __rt_entry_sh                            0x00000419   Thumb Code     0  __rtentry4.o(.ARM.Collect$$rtentry$$00000004)
    __rt_entry_li                            0x0000041f   Thumb Code     0  __rtentry2.o(.ARM.Collect$$rtentry$$0000000A)
    __rt_entry_postsh_1                      0x0000041f   Thumb Code     0  __rtentry2.o(.ARM.Collect$$rtentry$$00000009)
    __rt_entry_main                          0x00000423   Thumb Code     0  __rtentry2.o(.ARM.Collect$$rtentry$$0000000D)
    __rt_entry_postli_1                      0x00000423   Thumb Code     0  __rtentry2.o(.ARM.Collect$$rtentry$$0000000C)
    __rt_exit                                0x0000042b   Thumb Code     0  rtexit.o(.ARM.Collect$$rtexit$$00000000)
    __rt_exit_ls                             0x0000042d   Thumb Code     0  rtexit2.o(.ARM.Collect$$rtexit$$00000003)
    __rt_exit_prels_1                        0x0000042d   Thumb Code     0  rtexit2.o(.ARM.Collect$$rtexit$$00000002)
    __rt_exit_exit                           0x00000431   Thumb Code     0  rtexit2.o(.ARM.Collect$$rtexit$$00000004)
    Reset_Handler                            0x00000439   Thumb Code    32  startup_tm4c123gh6pm.o(.text)
    NMI_Handler                              0x00000459   Thumb Code    20  startup_tm4c123gh6pm.o(.text)
    HardFault_Handler                        0x0000046d   Thumb Code    24  startup_tm4c123gh6pm.o(.text)
    MemManage_Handler                        0x00000485   Thumb Code    24  startup_tm4c123gh6pm.o(.text)
    BusFault_Handler                         0x0000049d   Thumb Code    24  startup_tm4c123gh6pm.o(.text)
    UsageFault_Handler                       0x000004b5   Thumb Code    24  startup_tm4c123gh6pm.o(.text)
    SVC_Handler                              0x000004cd   Thumb Code    20  startup_tm4c123gh6pm.o(.text)
    DebugMon_Handler                         0x000004e1   Thumb Code    24  startup_tm4c123gh6pm.o(.text)
    ADC1Seq0_IRQHandler                      0x00000525   Thumb Code     0  startup_tm4c123gh6pm.o(.text)
    ADC1Seq1_IRQHandler                      0x00000525   Thumb Code     0  startup_tm4c123gh6pm.o(.text)
    ADC1Seq2_IRQHandler                      0x00000525   Thumb Code     0  startup_tm4c123gh6pm.o(.text)
    ADC1Seq3_IRQHandler                      0x00000525   Thumb Code     0  startup_tm4c123gh6pm.o(.text)
    ADCSeq0_IRQHandler                       0x00000525   Thumb Code     0  startup_tm4c123gh6pm.o(.text)
    ADCSeq1_IRQHandler                       0x00000525   Thumb Code     0  startup_tm4c123gh6pm.o(.text)
    ADCSeq2_IRQHandler                       0x00000525   Thumb Code     0  startup_tm4c123gh6pm.o(.text)
    ADCSeq3_IRQHandler                       0x00000525   Thumb Code     0  startup_tm4c123gh6pm.o(.text)
    CAN0_IRQHandler                          0x00000525   Thumb Code     0  startup_tm4c123gh6pm.o(.text)
    CAN1_IRQHandler                          0x00000525   Thumb Code     0  startup_tm4c123gh6pm.o(.text)
    CAN2_IRQHandler                          0x00000525   Thumb Code     0  startup_tm4c123gh6pm.o(.text)
    Comp0_IRQHandler                         0x00000525   Thumb Code     0  startup_tm4c123gh6pm.o(.text)
    Comp1_IRQHandler                         0x00000525   Thumb Code     0  startup_tm4c123gh6pm.o(.text)
    Comp2_IRQHandler                         0x00000525   Thumb Code     0  startup_tm4c123gh6pm.o(.text)
    FPU_IRQHandler                           0x00000525   Thumb Code     0  startup_tm4c123gh6pm.o(.text)
    FlashCtrl_IRQHandler                     0x00000525   Thumb Code     0  startup_tm4c123gh6pm.o(.text)
    GPIOPortA_IRQHandler                     0x00000525   Thumb Code     0  startup_tm4c123gh6pm.o(.text)
    GPIOPortB_IRQHandler                     0x00000525   Thumb Code     0  startup_tm4c123gh6pm.o(.text)
    GPIOPortC_IRQHandler                     0x00000525   Thumb Code     0  startup_tm4c123gh6pm.o(.text)
    GPIOPortD_IRQHandler                     0x00000525   Thumb Code     0  startup_tm4c123gh6pm.o(.text)
    GPIOPortE_IRQHandler                     0x00000525   Thumb Code     0  startup_tm4c123gh6pm.o(.text)
    GPIOPortF_IRQHandler                     0x00000525   Thumb Code     0  startup_tm4c123gh6pm.o(.text)
    GPIOPortG_IRQHandler                     0x00000525   Thumb Code     0  startup_tm4c123gh6pm.o(.text)
    GPIOPortH_IRQHandler                     0x00000525   Thumb Code     0  startup_tm4c123gh6pm.o(.text)
    GPIOPortJ_IRQHandler                     0x00000525   Thumb Code     0  startup_tm4c123gh6pm.o(.text)
    GPIOPortK_IRQHandler                     0x00000525   Thumb Code     0  startup_tm4c123gh6pm.o(.text)
    GPIOPortL_IRQHandler                     0x00000525   Thumb Code     0  startup_tm4c123gh6pm.o(.text)
    GPIOPortM_IRQHandler                     0x00000525   Thumb Code     0  startup_tm4c123gh6pm.o(.text)
    GPIOPortN_IRQHandler                     0x00000525   Thumb Code     0  startup_tm4c123gh6pm.o(.text)
    GPIOPortP0_IRQHandler                    0x00000525   Thumb Code     0  startup_tm4c123gh6pm.o(.text)
    GPIOPortP1_IRQHandler                    0x00000525   Thumb Code     0  startup_tm4c123gh6pm.o(.text)
    GPIOPortP2_IRQHandler                    0x00000525   Thumb Code     0  startup_tm4c123gh6pm.o(.text)
    GPIOPortP3_IRQHandler                    0x00000525   Thumb Code     0  startup_tm4c123gh6pm.o(.text)
    GPIOPortP4_IRQHandler                    0x00000525   Thumb Code     0  startup_tm4c123gh6pm.o(.text)
    GPIOPortP5_IRQHandler                    0x00000525   Thumb Code     0  startup_tm4c123gh6pm.o(.text)
    GPIOPortP6_IRQHandler                    0x00000525   Thumb Code     0  startup_tm4c123gh6pm.o(.text)
    GPIOPortP7_IRQHandler                    0x00000525   Thumb Code     0  startup_tm4c123gh6pm.o(.text)
    GPIOPortQ0_IRQHandler                    0x00000525   Thumb Code     0  startup_tm4c123gh6pm.o(.text)
    GPIOPortQ1_IRQHandler                    0x00000525   Thumb Code     0  startup_tm4c123gh6pm.o(.text)
    GPIOPortQ2_IRQHandler                    0x00000525   Thumb Code     0  startup_tm4c123gh6pm.o(.text)
    GPIOPortQ3_IRQHandler                    0x00000525   Thumb Code     0  startup_tm4c123gh6pm.o(.text)
    GPIOPortQ4_IRQHandler                    0x00000525   Thumb Code     0  startup_tm4c123gh6pm.o(.text)
    GPIOPortQ5_IRQHandler                    0x00000525   Thumb Code     0  startup_tm4c123gh6pm.o(.text)
    GPIOPortQ6_IRQHandler                    0x00000525   Thumb Code     0  startup_tm4c123gh6pm.o(.text)
    GPIOPortQ7_IRQHandler                    0x00000525   Thumb Code     0  startup_tm4c123gh6pm.o(.text)
    GPIOPortR_IRQHandler                     0x00000525   Thumb Code     0  startup_tm4c123gh6pm.o(.text)
    GPIOPortS_IRQHandler                     0x00000525   Thumb Code     0  startup_tm4c123gh6pm.o(.text)
    Hibernate_IRQHandler                     0x00000525   Thumb Code     0  startup_tm4c123gh6pm.o(.text)
    I2C0_IRQHandler                          0x00000525   Thumb Code     0  startup_tm4c123gh6pm.o(.text)
    I2C1_IRQHandler                          0x00000525   Thumb Code     0  startup_tm4c123gh6pm.o(.text)
    I2C2_IRQHandler                          0x00000525   Thumb Code     0  startup_tm4c123gh6pm.o(.text)
    I2C3_IRQHandler                          0x00000525   Thumb Code     0  startup_tm4c123gh6pm.o(.text)
    I2C4_IRQHandler                          0x00000525   Thumb Code     0  startup_tm4c123gh6pm.o(.text)
    I2C5_IRQHandler                          0x00000525   Thumb Code     0  startup_tm4c123gh6pm.o(.text)
    PWM1Fault_IRQHandler                     0x00000525   Thumb Code     0  startup_tm4c123gh6pm.o(.text)
    PWM1Gen0_IRQHandler                      0x00000525   Thumb Code     0  startup_tm4c123gh6pm.o(.text)
    PWM1Gen1_IRQHandler                      0x00000525   Thumb Code     0  startup_tm4c123gh6pm.o(.text)
    PWM1Gen2_IRQHandler                      0x00000525   Thumb Code     0  startup_tm4c123gh6pm.o(.text)
    PWM1Gen3_IRQHandler                      0x00000525   Thumb Code     0  startup_tm4c123gh6pm.o(.text)
    PWMFault_IRQHandler                      0x00000525   Thumb Code     0  startup_tm4c123gh6pm.o(.text)
    PWMGen0_IRQHandler                       0x00000525   Thumb Code     0  startup_tm4c123gh6pm.o(.text)
    PWMGen1_IRQHandler                       0x00000525   Thumb Code     0  startup_tm4c123gh6pm.o(.text)
    PWMGen2_IRQHandler                       0x00000525   Thumb Code     0  startup_tm4c123gh6pm.o(.text)
    PWMGen3_IRQHandler                       0x00000525   Thumb Code     0  startup_tm4c123gh6pm.o(.text)
    QEI0_IRQHandler                          0x00000525   Thumb Code     0  startup_tm4c123gh6pm.o(.text)
    QEI1_IRQHandler                          0x00000525   Thumb Code     0  startup_tm4c123gh6pm.o(.text)
    QEI2_IRQHandler                          0x00000525   Thumb Code     0  startup_tm4c123gh6pm.o(.text)
    SSI0_IRQHandler                          0x00000525   Thumb Code     0  startup_tm4c123gh6pm.o(.text)
    SSI1_IRQHandler                          0x00000525   Thumb Code     0  startup_tm4c123gh6pm.o(.text)
    SSI2_IRQHandler                          0x00000525   Thumb Code     0  startup_tm4c123gh6pm.o(.text)
    SSI3_IRQHandler                          0x00000525   Thumb Code     0  startup_tm4c123gh6pm.o(.text)
    SysCtrl_IRQHandler                       0x00000525   Thumb Code     0  startup_tm4c123gh6pm.o(.text)
    Timer0A_IRQHandler                       0x00000525   Thumb Code     0  startup_tm4c123gh6pm.o(.text)
    Timer0B_IRQHandler                       0x00000525   Thumb Code     0  startup_tm4c123gh6pm.o(.text)
    Timer1A_IRQHandler                       0x00000525   Thumb Code     0  startup_tm4c123gh6pm.o(.text)
    Timer1B_IRQHandler                       0x00000525   Thumb Code     0  startup_tm4c123gh6pm.o(.text)
    Timer2A_IRQHandler                       0x00000525   Thumb Code     0  startup_tm4c123gh6pm.o(.text)
    Timer2B_IRQHandler                       0x00000525   Thumb Code     0  startup_tm4c123gh6pm.o(.text)
    Timer3A_IRQHandler                       0x00000525   Thumb Code     0  startup_tm4c123gh6pm.o(.text)
    Timer3B_IRQHandler                       0x00000525   Thumb Code     0  startup_tm4c123gh6pm.o(.text)
    Timer4A_IRQHandler                       0x00000525   Thumb Code     0  startup_tm4c123gh6pm.o(.text)
    Timer4B_IRQHandler                       0x00000525   Thumb Code     0  startup_tm4c123gh6pm.o(.text)
    Timer5A_IRQHandler                       0x00000525   Thumb Code     0  startup_tm4c123gh6pm.o(.text)
    Timer5B_IRQHandler                       0x00000525   Thumb Code     0  startup_tm4c123gh6pm.o(.text)
    UART0_IRQHandler                         0x00000525   Thumb Code     0  startup_tm4c123gh6pm.o(.text)
    UART1_IRQHandler                         0x00000525   Thumb Code     0  startup_tm4c123gh6pm.o(.text)
    UART2_IRQHandler                         0x00000525   Thumb Code     0  startup_tm4c123gh6pm.o(.text)
    UART3_IRQHandler                         0x00000525   Thumb Code     0  startup_tm4c123gh6pm.o(.text)
    UART4_IRQHandler                         0x00000525   Thumb Code     0  startup_tm4c123gh6pm.o(.text)
    UART5_IRQHandler                         0x00000525   Thumb Code     0  startup_tm4c123gh6pm.o(.text)
    UART6_IRQHandler                         0x00000525   Thumb Code     0  startup_tm4c123gh6pm.o(.text)
    UART7_IRQHandler                         0x00000525   Thumb Code     0  startup_tm4c123gh6pm.o(.text)
    USB0_IRQHandler                          0x00000525   Thumb Code     0  startup_tm4c123gh6pm.o(.text)
    Watchdog_IRQHandler                      0x00000525   Thumb Code     0  startup_tm4c123gh6pm.o(.text)
    WideTimer0A_IRQHandler                   0x00000525   Thumb Code     0  startup_tm4c123gh6pm.o(.text)
    WideTimer0B_IRQHandler                   0x00000525   Thumb Code     0  startup_tm4c123gh6pm.o(.text)
    WideTimer1A_IRQHandler                   0x00000525   Thumb Code     0  startup_tm4c123gh6pm.o(.text)
    WideTimer1B_IRQHandler                   0x00000525   Thumb Code     0  startup_tm4c123gh6pm.o(.text)
    WideTimer2A_IRQHandler                   0x00000525   Thumb Code     0  startup_tm4c123gh6pm.o(.text)
    WideTimer2B_IRQHandler                   0x00000525   Thumb Code     0  startup_tm4c123gh6pm.o(.text)
    WideTimer3A_IRQHandler                   0x00000525   Thumb Code     0  startup_tm4c123gh6pm.o(.text)
    WideTimer3B_IRQHandler                   0x00000525   Thumb Code     0  startup_tm4c123gh6pm.o(.text)
    WideTimer4A_IRQHandler                   0x00000525   Thumb Code     0  startup_tm4c123gh6pm.o(.text)
    WideTimer4B_IRQHandler                   0x00000525   Thumb Code     0  startup_tm4c123gh6pm.o(.text)
    WideTimer5A_IRQHandler                   0x00000525   Thumb Code     0  startup_tm4c123gh6pm.o(.text)
    WideTimer5B_IRQHandler                   0x00000525   Thumb Code     0  startup_tm4c123gh6pm.o(.text)
    uDMAError_IRQHandler                     0x00000525   Thumb Code     0  startup_tm4c123gh6pm.o(.text)
    uDMAST_IRQHandler                        0x00000525   Thumb Code     0  startup_tm4c123gh6pm.o(.text)
    __user_initial_stackheap                 0x0000053d   Thumb Code    10  startup_tm4c123gh6pm.o(.text)
    __use_two_region_memory                  0x0000059d   Thumb Code     2  heapauxi.o(.text)
    __rt_heap_escrow$2region                 0x0000059f   Thumb Code     2  heapauxi.o(.text)
    __rt_heap_expand$2region                 0x000005a1   Thumb Code     2  heapauxi.o(.text)
    __user_setup_stackheap                   0x000005a3   Thumb Code    74  sys_stackheap_outer.o(.text)
    exit                                     0x000005ed   Thumb Code    18  exit.o(.text)
    __user_libspace                          0x00000601   Thumb Code     8  libspace.o(.text)
    __user_perproc_libspace                  0x00000601   Thumb Code     0  libspace.o(.text)
    __user_perthread_libspace                0x00000601   Thumb Code     0  libspace.o(.text)
    _sys_exit                                0x00000609   Thumb Code     8  sys_exit.o(.text)
    __I$use$semihosting                      0x00000615   Thumb Code     0  use_no_semi.o(.text)
    __use_no_semihosting_swi                 0x00000615   Thumb Code     2  use_no_semi.o(.text)
    __semihosting_library_function           0x00000617   Thumb Code     0  indicate_semi.o(.text)
    BSP_init                                 0x00000619   Thumb Code    66  bsp.o(.text.BSP_init)
    BSP_ledBlueOff                           0x0000065d   Thumb Code    14  bsp.o(.text.BSP_ledBlueOff)
    BSP_ledBlueOn                            0x0000066d   Thumb Code    14  bsp.o(.text.BSP_ledBlueOn)
    BSP_ledGreenOff                          0x0000067d   Thumb Code    14  bsp.o(.text.BSP_ledGreenOff)
    BSP_ledGreenOn                           0x0000068d   Thumb Code    14  bsp.o(.text.BSP_ledGreenOn)
    OSThread_start                           0x0000069d   Thumb Code   394  joertos.o(.text.OSThread_start)
    OS_delay                                 0x00000829   Thumb Code   118  joertos.o(.text.OS_delay)
    OS_init                                  0x000008a1   Thumb Code    58  joertos.o(.text.OS_init)
    OS_onIdle                                0x000008dd   Thumb Code    18  bsp.o(.text.OS_onIdle)
    OS_onStartup                             0x000008f1   Thumb Code    46  bsp.o(.text.OS_onStartup)
    OS_run                                   0x00000921   Thumb Code    28  joertos.o(.text.OS_run)
    OS_sched                                 0x0000093d   Thumb Code   138  joertos.o(.text.OS_sched)
    OS_tick                                  0x000009c9   Thumb Code   156  joertos.o(.text.OS_tick)
    PendSV_Handler                           0x00000a65   Thumb Code    44  joertos.o(.text.PendSV_Handler)
    Q_onAssert                               0x00000a99   Thumb Code    22  bsp.o(.text.Q_onAssert)
    SysTick_Handler                          0x00000b05   Thumb Code    40  bsp.o(.text.SysTick_Handler)
    SystemCoreClockUpdate                    0x00000b2d   Thumb Code   326  system_tm4c123gh6pm.o(.text.SystemCoreClockUpdate)
    SystemInit                               0x00000c75   Thumb Code   268  system_tm4c123gh6pm.o(.text.SystemInit)
    assert_failed                            0x00000dc5   Thumb Code    14  bsp.o(.text.assert_failed)
    main                                     0x00000f3d   Thumb Code   106  main.o(.text.main)
    main_blinky1                             0x00000fa9   Thumb Code    46  main.o(.text.main_blinky1)
    main_blinky2                             0x00000fd9   Thumb Code    46  main.o(.text.main_blinky2)
    main_idleThread                          0x00001009   Thumb Code    10  joertos.o(.text.main_idleThread)
    _fp_init                                 0x00001013   Thumb Code    26  fpinit.o(x$fpl$fpinit)
    __fplib_config_fpu_vfp                   0x0000102b   Thumb Code     0  fpinit.o(x$fpl$fpinit)
    __fplib_config_pureend_doubles           0x0000102b   Thumb Code     0  fpinit.o(x$fpl$fpinit)
    Region$$Table$$Base                      0x00001038   Number         0  anon$$obj.o(Region$$Table)
    Region$$Table$$Limit                     0x00001058   Number         0  anon$$obj.o(Region$$Table)
    SystemCoreClock                          0x20000000   Data           4  system_tm4c123gh6pm.o(.data.SystemCoreClock)
    __libspace_start                         0x20000008   Data          96  libspace.o(.bss)
    OS_curr                                  0x20000068   Data           4  joertos.o(.bss.OS_curr)
    __temporary_stack_top$libspace           0x20000068   Data           0  libspace.o(.bss)
    OS_delayedSet                            0x2000006c   Data           4  joertos.o(.bss.OS_delayedSet)
    OS_next                                  0x20000070   Data           4  joertos.o(.bss.OS_next)
    OS_readySet                              0x20000074   Data           4  joertos.o(.bss.OS_readySet)
    OS_thread                                0x20000078   Data         132  joertos.o(.bss.OS_thread)
    blinky1                                  0x200000fc   Data          12  main.o(.bss.blinky1)
    blinky2                                  0x20000108   Data          12  main.o(.bss.blinky2)
    idleThread                               0x20000114   Data          12  joertos.o(.bss.idleThread)
    stack_blinky1                            0x20000120   Data         160  main.o(.bss.stack_blinky1)
    stack_blinky2                            0x200001c0   Data         160  main.o(.bss.stack_blinky2)
    stack_idleThread                         0x20000260   Data         160  main.o(.bss.stack_idleThread)



==============================================================================

Memory Map of the image

  Image Entry point : 0x0000036d

  Load Region LR_IROM1 (Base: 0x00000000, Size: 0x00001060, Max: 0x00040000, ABSOLUTE)

    Execution Region ER_IROM1 (Exec base: 0x00000000, Load base: 0x00000000, Size: 0x00001058, Max: 0x00040000, ABSOLUTE)

    Exec Addr    Load Addr    Size         Type   Attr      Idx    E Section Name        Object

    0x00000000   0x00000000   0x0000036c   Data   RO           61    RESET               startup_tm4c123gh6pm.o
    0x0000036c   0x0000036c   0x00000008   Code   RO          116  * !!!main             c_w.l(__main.o)
    0x00000374   0x00000374   0x0000005c   Code   RO          281    !!!scatter          c_w.l(__scatter.o)
    0x000003d0   0x000003d0   0x0000001a   Code   RO          285    !!handler_copy      c_w.l(__scatter_copy.o)
    0x000003ea   0x000003ea   0x00000002   PAD
    0x000003ec   0x000003ec   0x00000002   Code   RO          282    !!handler_null      c_w.l(__scatter.o)
    0x000003ee   0x000003ee   0x00000002   PAD
    0x000003f0   0x000003f0   0x0000001c   Code   RO          287    !!handler_zi        c_w.l(__scatter_zi.o)
    0x0000040c   0x0000040c   0x00000002   Code   RO          143    .ARM.Collect$$libinit$$00000000  c_w.l(libinit.o)
    0x0000040e   0x0000040e   0x00000004   Code   RO          149    .ARM.Collect$$libinit$$00000001  c_w.l(libinit2.o)
    0x00000412   0x00000412   0x00000000   Code   RO          152    .ARM.Collect$$libinit$$00000004  c_w.l(libinit2.o)
    0x00000412   0x00000412   0x00000000   Code   RO          154    .ARM.Collect$$libinit$$00000006  c_w.l(libinit2.o)
    0x00000412   0x00000412   0x00000000   Code   RO          157    .ARM.Collect$$libinit$$0000000C  c_w.l(libinit2.o)
    0x00000412   0x00000412   0x00000000   Code   RO          159    .ARM.Collect$$libinit$$0000000E  c_w.l(libinit2.o)
    0x00000412   0x00000412   0x00000000   Code   RO          161    .ARM.Collect$$libinit$$00000010  c_w.l(libinit2.o)
    0x00000412   0x00000412   0x00000000   Code   RO          164    .ARM.Collect$$libinit$$00000013  c_w.l(libinit2.o)
    0x00000412   0x00000412   0x00000000   Code   RO          166    .ARM.Collect$$libinit$$00000015  c_w.l(libinit2.o)
    0x00000412   0x00000412   0x00000000   Code   RO          168    .ARM.Collect$$libinit$$00000017  c_w.l(libinit2.o)
    0x00000412   0x00000412   0x00000000   Code   RO          170    .ARM.Collect$$libinit$$00000019  c_w.l(libinit2.o)
    0x00000412   0x00000412   0x00000000   Code   RO          172    .ARM.Collect$$libinit$$0000001B  c_w.l(libinit2.o)
    0x00000412   0x00000412   0x00000000   Code   RO          174    .ARM.Collect$$libinit$$0000001D  c_w.l(libinit2.o)
    0x00000412   0x00000412   0x00000000   Code   RO          176    .ARM.Collect$$libinit$$0000001F  c_w.l(libinit2.o)
    0x00000412   0x00000412   0x00000000   Code   RO          178    .ARM.Collect$$libinit$$00000021  c_w.l(libinit2.o)
    0x00000412   0x00000412   0x00000000   Code   RO          180    .ARM.Collect$$libinit$$00000023  c_w.l(libinit2.o)
    0x00000412   0x00000412   0x00000000   Code   RO          182    .ARM.Collect$$libinit$$00000025  c_w.l(libinit2.o)
    0x00000412   0x00000412   0x00000000   Code   RO          184    .ARM.Collect$$libinit$$00000027  c_w.l(libinit2.o)
    0x00000412   0x00000412   0x00000000   Code   RO          188    .ARM.Collect$$libinit$$0000002E  c_w.l(libinit2.o)
    0x00000412   0x00000412   0x00000000   Code   RO          190    .ARM.Collect$$libinit$$00000030  c_w.l(libinit2.o)
    0x00000412   0x00000412   0x00000000   Code   RO          192    .ARM.Collect$$libinit$$00000032  c_w.l(libinit2.o)
    0x00000412   0x00000412   0x00000000   Code   RO          194    .ARM.Collect$$libinit$$00000034  c_w.l(libinit2.o)
    0x00000412   0x00000412   0x00000002   Code   RO          195    .ARM.Collect$$libinit$$00000035  c_w.l(libinit2.o)
    0x00000414   0x00000414   0x00000002   Code   RO          217    .ARM.Collect$$libshutdown$$00000000  c_w.l(libshutdown.o)
    0x00000416   0x00000416   0x00000000   Code   RO          232    .ARM.Collect$$libshutdown$$00000002  c_w.l(libshutdown2.o)
    0x00000416   0x00000416   0x00000000   Code   RO          234    .ARM.Collect$$libshutdown$$00000004  c_w.l(libshutdown2.o)
    0x00000416   0x00000416   0x00000000   Code   RO          237    .ARM.Collect$$libshutdown$$00000007  c_w.l(libshutdown2.o)
    0x00000416   0x00000416   0x00000000   Code   RO          240    .ARM.Collect$$libshutdown$$0000000A  c_w.l(libshutdown2.o)
    0x00000416   0x00000416   0x00000000   Code   RO          242    .ARM.Collect$$libshutdown$$0000000C  c_w.l(libshutdown2.o)
    0x00000416   0x00000416   0x00000000   Code   RO          245    .ARM.Collect$$libshutdown$$0000000F  c_w.l(libshutdown2.o)
    0x00000416   0x00000416   0x00000002   Code   RO          246    .ARM.Collect$$libshutdown$$00000010  c_w.l(libshutdown2.o)
    0x00000418   0x00000418   0x00000000   Code   RO          118    .ARM.Collect$$rtentry$$00000000  c_w.l(__rtentry.o)
    0x00000418   0x00000418   0x00000000   Code   RO          120    .ARM.Collect$$rtentry$$00000002  c_w.l(__rtentry2.o)
    0x00000418   0x00000418   0x00000006   Code   RO          132    .ARM.Collect$$rtentry$$00000004  c_w.l(__rtentry4.o)
    0x0000041e   0x0000041e   0x00000000   Code   RO          122    .ARM.Collect$$rtentry$$00000009  c_w.l(__rtentry2.o)
    0x0000041e   0x0000041e   0x00000004   Code   RO          123    .ARM.Collect$$rtentry$$0000000A  c_w.l(__rtentry2.o)
    0x00000422   0x00000422   0x00000000   Code   RO          125    .ARM.Collect$$rtentry$$0000000C  c_w.l(__rtentry2.o)
    0x00000422   0x00000422   0x00000008   Code   RO          126    .ARM.Collect$$rtentry$$0000000D  c_w.l(__rtentry2.o)
    0x0000042a   0x0000042a   0x00000002   Code   RO          147    .ARM.Collect$$rtexit$$00000000  c_w.l(rtexit.o)
    0x0000042c   0x0000042c   0x00000000   Code   RO          197    .ARM.Collect$$rtexit$$00000002  c_w.l(rtexit2.o)
    0x0000042c   0x0000042c   0x00000004   Code   RO          198    .ARM.Collect$$rtexit$$00000003  c_w.l(rtexit2.o)
    0x00000430   0x00000430   0x00000006   Code   RO          199    .ARM.Collect$$rtexit$$00000004  c_w.l(rtexit2.o)
    0x00000436   0x00000436   0x00000002   PAD
    0x00000438   0x00000438   0x00000164   Code   RO           62    .text               startup_tm4c123gh6pm.o
    0x0000059c   0x0000059c   0x00000006   Code   RO          114    .text               c_w.l(heapauxi.o)
    0x000005a2   0x000005a2   0x0000004a   Code   RO          134    .text               c_w.l(sys_stackheap_outer.o)
    0x000005ec   0x000005ec   0x00000012   Code   RO          136    .text               c_w.l(exit.o)
    0x000005fe   0x000005fe   0x00000002   PAD
    0x00000600   0x00000600   0x00000008   Code   RO          144    .text               c_w.l(libspace.o)
    0x00000608   0x00000608   0x0000000c   Code   RO          207    .text               c_w.l(sys_exit.o)
    0x00000614   0x00000614   0x00000002   Code   RO          222    .text               c_w.l(use_no_semi.o)
    0x00000616   0x00000616   0x00000000   Code   RO          224    .text               c_w.l(indicate_semi.o)
    0x00000616   0x00000616   0x00000002   PAD
    0x00000618   0x00000618   0x00000042   Code   RO           27    .text.BSP_init      bsp.o
    0x0000065a   0x0000065a   0x00000002   PAD
    0x0000065c   0x0000065c   0x0000000e   Code   RO           35    .text.BSP_ledBlueOff  bsp.o
    0x0000066a   0x0000066a   0x00000002   PAD
    0x0000066c   0x0000066c   0x0000000e   Code   RO           33    .text.BSP_ledBlueOn  bsp.o
    0x0000067a   0x0000067a   0x00000002   PAD
    0x0000067c   0x0000067c   0x0000000e   Code   RO           39    .text.BSP_ledGreenOff  bsp.o
    0x0000068a   0x0000068a   0x00000002   PAD
    0x0000068c   0x0000068c   0x0000000e   Code   RO           37    .text.BSP_ledGreenOn  bsp.o
    0x0000069a   0x0000069a   0x00000002   PAD
    0x0000069c   0x0000069c   0x0000018a   Code   RO           87    .text.OSThread_start  joertos.o
    0x00000826   0x00000826   0x00000002   PAD
    0x00000828   0x00000828   0x00000076   Code   RO           95    .text.OS_delay      joertos.o
    0x0000089e   0x0000089e   0x00000002   PAD
    0x000008a0   0x000008a0   0x0000003a   Code   RO           85    .text.OS_init       joertos.o
    0x000008da   0x000008da   0x00000002   PAD
    0x000008dc   0x000008dc   0x00000012   Code   RO           47    .text.OS_onIdle     bsp.o
    0x000008ee   0x000008ee   0x00000002   PAD
    0x000008f0   0x000008f0   0x0000002e   Code   RO           41    .text.OS_onStartup  bsp.o
    0x0000091e   0x0000091e   0x00000002   PAD
    0x00000920   0x00000920   0x0000001c   Code   RO           91    .text.OS_run        joertos.o
    0x0000093c   0x0000093c   0x0000008a   Code   RO           89    .text.OS_sched      joertos.o
    0x000009c6   0x000009c6   0x00000002   PAD
    0x000009c8   0x000009c8   0x0000009c   Code   RO           93    .text.OS_tick       joertos.o
    0x00000a64   0x00000a64   0x00000034   Code   RO           97    .text.PendSV_Handler  joertos.o
    0x00000a98   0x00000a98   0x00000016   Code   RO           49    .text.Q_onAssert    bsp.o
    0x00000aae   0x00000aae   0x00000002   PAD
    0x00000ab0   0x00000ab0   0x00000054   Code   RO           43    .text.SysTick_Config  bsp.o
    0x00000b04   0x00000b04   0x00000028   Code   RO           25    .text.SysTick_Handler  bsp.o
    0x00000b2c   0x00000b2c   0x00000146   Code   RO           69    .text.SystemCoreClockUpdate  system_tm4c123gh6pm.o
    0x00000c72   0x00000c72   0x00000002   PAD
    0x00000c74   0x00000c74   0x0000010c   Code   RO           73    .text.SystemInit    system_tm4c123gh6pm.o
    0x00000d80   0x00000d80   0x00000042   Code   RO           45    .text.__NVIC_SetPriority  bsp.o
    0x00000dc2   0x00000dc2   0x00000002   PAD
    0x00000dc4   0x00000dc4   0x0000000e   Code   RO           51    .text.assert_failed  bsp.o
    0x00000dd2   0x00000dd2   0x00000002   PAD
    0x00000dd4   0x00000dd4   0x00000168   Code   RO           71    .text.getOscClk     system_tm4c123gh6pm.o
    0x00000f3c   0x00000f3c   0x0000006a   Code   RO            8    .text.main          main.o
    0x00000fa6   0x00000fa6   0x00000002   PAD
    0x00000fa8   0x00000fa8   0x0000002e   Code   RO            2    .text.main_blinky1  main.o
    0x00000fd6   0x00000fd6   0x00000002   PAD
    0x00000fd8   0x00000fd8   0x0000002e   Code   RO            4    .text.main_blinky2  main.o
    0x00001006   0x00001006   0x00000002   PAD
    0x00001008   0x00001008   0x0000000a   Code   RO           83    .text.main_idleThread  joertos.o
    0x00001012   0x00001012   0x0000001a   Code   RO          205    x$fpl$fpinit        fz_wm.l(fpinit.o)
    0x0000102c   0x0000102c   0x0000000a   Data   RO          102    .rodata.Q_this_module_  joertos.o
    0x00001036   0x00001036   0x00000002   PAD
    0x00001038   0x00001038   0x00000020   Data   RO          280    Region$$Table       anon$$obj.o


    Execution Region RW_IRAM1 (Exec base: 0x20000000, Load base: 0x00001058, Size: 0x00000b10, Max: 0x00008000, ABSOLUTE)

    Exec Addr    Load Addr    Size         Type   Attr      Idx    E Section Name        Object

    0x20000000   0x00001058   0x00000004   Data   RW           75    .data.SystemCoreClock  system_tm4c123gh6pm.o
    0x20000004   0x0000105c   0x00000004   PAD
    0x20000008        -       0x00000060   Zero   RW          145    .bss                c_w.l(libspace.o)
    0x20000068        -       0x00000004   Zero   RW          103    .bss.OS_curr        joertos.o
    0x2000006c        -       0x00000004   Zero   RW          105    .bss.OS_delayedSet  joertos.o
    0x20000070        -       0x00000004   Zero   RW          104    .bss.OS_next        joertos.o
    0x20000074        -       0x00000004   Zero   RW          100    .bss.OS_readySet    joertos.o
    0x20000078        -       0x00000084   Zero   RW          101    .bss.OS_thread      joertos.o
    0x200000fc        -       0x0000000c   Zero   RW           11    .bss.blinky1        main.o
    0x20000108        -       0x0000000c   Zero   RW           13    .bss.blinky2        main.o
    0x20000114        -       0x0000000c   Zero   RW           99    .bss.idleThread     joertos.o
    0x20000120        -       0x000000a0   Zero   RW           12    .bss.stack_blinky1  main.o
    0x200001c0        -       0x000000a0   Zero   RW           14    .bss.stack_blinky2  main.o
    0x20000260        -       0x000000a0   Zero   RW           10    .bss.stack_idleThread  main.o
    0x20000300        -       0x00000010   Zero   RW           60    HEAP                startup_tm4c123gh6pm.o
    0x20000310        -       0x00000800   Zero   RW           59    STACK               startup_tm4c123gh6pm.o


==============================================================================

Image component sizes


      Code (inc. data)   RO Data    RW Data    ZI Data      Debug   Object Name

       412          0          0          0          0       9752   bsp.o
       954          8         10          0        160       2553   joertos.o
       198          0          0          0        504       1454   main.o
       356        178        876          0       2064       1188   startup_tm4c123gh6pm.o
       954         28          0          4          0       6611   system_tm4c123gh6pm.o

    ----------------------------------------------------------------------
      2910        214        920          4       2732      21558   Object Totals
         0          0         32          0          0          0   (incl. Generated)
        36          0          2          0          4          0   (incl. Padding)

    ----------------------------------------------------------------------

      Code (inc. data)   RO Data    RW Data    ZI Data      Debug   Library Member Name

         8          0          0          0          0         68   __main.o
         0          0          0          0          0          0   __rtentry.o
        12          0          0          0          0          0   __rtentry2.o
         6          0          0          0          0          0   __rtentry4.o
        94          8          0          0          0          0   __scatter.o
        26          0          0          0          0          0   __scatter_copy.o
        28          0          0          0          0          0   __scatter_zi.o
        18          0          0          0          0         80   exit.o
         6          0          0          0          0        152   heapauxi.o
         0          0          0          0          0          0   indicate_semi.o
         2          0          0          0          0          0   libinit.o
         6          0          0          0          0          0   libinit2.o
         2          0          0          0          0          0   libshutdown.o
         2          0          0          0          0          0   libshutdown2.o
         8          4          0          0         96         68   libspace.o
         2          0          0          0          0          0   rtexit.o
        10          0          0          0          0          0   rtexit2.o
        12          4          0          0          0         68   sys_exit.o
        74          0          0          0          0         80   sys_stackheap_outer.o
         2          0          0          0          0         68   use_no_semi.o
        26          0          0          0          0        116   fpinit.o

    ----------------------------------------------------------------------
       354         16          0          0         96        700   Library Totals
        10          0          0          0          0          0   (incl. Padding)

    ----------------------------------------------------------------------

      Code (inc. data)   RO Data    RW Data    ZI Data      Debug   Library Name

       318         16          0          0         96        584   c_w.l
        26          0          0          0          0        116   fz_wm.l

    ----------------------------------------------------------------------
       354         16          0          0         96        700   Library Totals

    ----------------------------------------------------------------------

==============================================================================


      Code (inc. data)   RO Data    RW Data    ZI Data      Debug   

      3264        230        920          4       2828      22110   Grand Totals
      3264        230        920          4       2828      22110   ELF Image Totals
      3264        230        920          4          0          0   ROM Totals

==============================================================================

    Total RO  Size (Code + RO Data)                 4184 (   4.09kB)
    Total RW  Size (RW Data + ZI Data)              2832 (   2.77kB)
    Total ROM Size (Code + RO Data + RW Data)       4188 (   4.09kB)

==============================================================================

